
 Start         Length     Name                   Class
 0001:00000000 00001C00H .text                   CODE
 0002:00000000 00000038H .data                   DATA
 0002:00000038 00000045H .bss                    BSS


Detailed map of segments

 0001:00000000 0000008E C=CODE     S=.text    G=(none)   M=System   ACBP=A9
 0001:00000090 0000018C C=CODE     S=.text    G=(none)   M=SysInit  ACBP=A9
 0001:0000021C 00000016 C=CODE     S=.text    G=(none)   M=SysUtils ACBP=A9
 0001:00000234 0000000E C=CODE     S=.text    G=(none)   M=SysConst ACBP=A9
 0001:00000244 00000050 C=CODE     S=.text    G=(none)   M=Windows  ACBP=A9
 0001:00000294 0000000E C=CODE     S=.text    G=(none)   M=Types    ACBP=A9
 0001:000002A4 00000016 C=CODE     S=.text    G=(none)   M=IniFiles ACBP=A9
 0001:000002BC 0000000E C=CODE     S=.text    G=(none)   M=Classes  ACBP=A9
 0001:000002CC 0000000E C=CODE     S=.text    G=(none)   M=ActiveX  ACBP=A9
 0001:000002DC 00000038 C=CODE     S=.text    G=(none)   M=Messages ACBP=A9
 0001:00000314 0000000E C=CODE     S=.text    G=(none)   M=TypInfo  ACBP=A9
 0001:00000324 0000000E C=CODE     S=.text    G=(none)   M=Variants ACBP=A9
 0001:00000334 0000000E C=CODE     S=.text    G=(none)   M=VarUtils ACBP=A9
 0001:00000344 0000000E C=CODE     S=.text    G=(none)   M=RTLConsts ACBP=A9
 0001:00000354 00000036 C=CODE     S=.text    G=(none)   M=jvuib    ACBP=A9
 0001:0000038C 0000000E C=CODE     S=.text    G=(none)   M=SyncObjs ACBP=A9
 0001:0000039C 0000000E C=CODE     S=.text    G=(none)   M=Contnrs  ACBP=A9
 0001:000003AC 0000000E C=CODE     S=.text    G=(none)   M=Math     ACBP=A9
 0001:000003BC 0000000E C=CODE     S=.text    G=(none)   M=jvuiblib ACBP=A9
 0001:000003CC 0000000E C=CODE     S=.text    G=(none)   M=jvuibase ACBP=A9
 0001:000003DC 0000000E C=CODE     S=.text    G=(none)   M=jvuibconst ACBP=A9
 0001:000003EC 0000000E C=CODE     S=.text    G=(none)   M=jvuiberror ACBP=A9
 0001:000003FC 0000000E C=CODE     S=.text    G=(none)   M=fastcode ACBP=A9
 0001:0000040C 0000000E C=CODE     S=.text    G=(none)   M=jvuibsqlparser ACBP=A9
 0001:0000041C 0000000E C=CODE     S=.text    G=(none)   M=jvuibmetadata ACBP=A9
 0001:0000042C 000001B8 C=CODE     S=.text    G=(none)   M=nSec     ACBP=A9
 0001:000005E4 00001619 C=CODE     S=.text    G=(none)   M=fbconnection ACBP=A9
 0002:00000000 0000002C C=DATA     S=.data    G=DGROUP   M=SysInit  ACBP=A9
 0002:00001000 00000014 C=BSS      S=.bss     G=DGROUP   M=SysInit  ACBP=A9
 0002:00001014 00000004 C=BSS      S=.bss     G=DGROUP   M=Windows  ACBP=A9
 0002:00001018 00000004 C=BSS      S=.bss     G=DGROUP   M=Messages ACBP=A9
 0002:0000101C 00000028 C=BSS      S=.bss     G=DGROUP   M=nSec     ACBP=A9


  Address         Publics by Name

 0002:0000103C       .1
 0002:00001018       .1
 0002:0000100C       .1
 0002:00001014       .3
 0001:0000019C       @InitLib
 0001:000000C0       AllocTlsBuffer
 0002:00001028       DecryptEx
 0002:00001020       DecryptStr
 0002:00001008       DllProc
 0002:0000102C       EncryptEx
 0002:00001024       EncryptStr
 0002:00001030       ExecuteByName
 0001:0000016C       ExitProcessTLS
 0001:00000144       ExitThreadTLS
 0001:00001BE8       fbconnection
 0001:000001E4       Finalization
 0001:0000025C       Finalization
 0001:000002DC       Finalization
 0001:00001AE0       Finalization
 0001:0000054C       Finalization
 0001:00000244       FreeLibrary
 0001:00000FAC       GetCtrlVerDBName
 0001:00000EB0       GetCtrlVerServer
 0001:00001090       GetCtrlVerUserID
 0001:00001178       GetCtrlVerUserPWD
 0001:00000BE4       GetDefaultDBName
 0001:00000AE8       GetDefaultServer
 0001:00000CC8       GetDefaultUserID
 0001:00000DB0       GetDefaultUserPWD
 0001:00001588       GetManagerUserID
 0001:0000166C       GetManagerUserPWD
 0001:0000188C       GetMenuLanguage
 0001:0000024C       GetProcAddress
 0001:00001278       GetSecurityUserID
 0001:00001360       GetSecurityUserPWD
 0002:00001034       GetSystemDir
 0001:000000CC       GetTlsSize
 0002:00001004       HInstance
 0001:00000190       InitializeModule
 0001:00000118       InitProcessTLS
 0001:000000D4       InitThreadTLS
 0001:000005E4       LoadConnection
 0001:0000042C       LoadLibraries
 0001:00000254       LoadLibrary
 0001:00000090       LocalAlloc
 0001:00000098       LocalFree
 0002:0000101C       LocalIP
 0001:0000030C       Messages
 0002:00000004       Module
 0002:00001000       ModuleIsLib
 0001:0000058C       nSec
 0001:0000088C       SaveConnection
 0001:00001768       SetManagerID
 0001:000019B4       SetMenuLanguage
 0001:00001460       SetSecurityID
 0001:00000214       SysInit
 0002:00001038       SystemDir
 0001:000000A0       TlsAlloc
 0002:00001010       tlsBuffer
 0001:000000A8       TlsFree
 0001:000000B0       TlsGetValue
 0002:00000000       TlsIndex
 0002:FFBFD000       TlsLast
 0002:0000001C       TlsProc
 0001:000000B8       TlsSetValue
 0001:00000540       UnloadLibararies
 0001:0000028C       Windows
 0002:00001040       _Handle


  Address         Publics by Value

 0002:FFBFD000       TlsLast
 0001:00000090       LocalAlloc
 0001:00000098       LocalFree
 0001:000000A0       TlsAlloc
 0001:000000A8       TlsFree
 0001:000000B0       TlsGetValue
 0001:000000B8       TlsSetValue
 0001:000000C0       AllocTlsBuffer
 0001:000000CC       GetTlsSize
 0001:000000D4       InitThreadTLS
 0001:00000118       InitProcessTLS
 0001:00000144       ExitThreadTLS
 0001:0000016C       ExitProcessTLS
 0001:00000190       InitializeModule
 0001:0000019C       @InitLib
 0001:000001E4       Finalization
 0001:00000214       SysInit
 0001:00000244       FreeLibrary
 0001:0000024C       GetProcAddress
 0001:00000254       LoadLibrary
 0001:0000025C       Finalization
 0001:0000028C       Windows
 0001:000002DC       Finalization
 0001:0000030C       Messages
 0001:0000042C       LoadLibraries
 0001:00000540       UnloadLibararies
 0001:0000054C       Finalization
 0001:0000058C       nSec
 0001:000005E4       LoadConnection
 0001:0000088C       SaveConnection
 0001:00000AE8       GetDefaultServer
 0001:00000BE4       GetDefaultDBName
 0001:00000CC8       GetDefaultUserID
 0001:00000DB0       GetDefaultUserPWD
 0001:00000EB0       GetCtrlVerServer
 0001:00000FAC       GetCtrlVerDBName
 0001:00001090       GetCtrlVerUserID
 0001:00001178       GetCtrlVerUserPWD
 0001:00001278       GetSecurityUserID
 0001:00001360       GetSecurityUserPWD
 0001:00001460       SetSecurityID
 0001:00001588       GetManagerUserID
 0001:0000166C       GetManagerUserPWD
 0001:00001768       SetManagerID
 0001:0000188C       GetMenuLanguage
 0001:000019B4       SetMenuLanguage
 0001:00001AE0       Finalization
 0001:00001BE8       fbconnection
 0002:00000000       TlsIndex
 0002:00000004       Module
 0002:0000001C       TlsProc
 0002:00001000       ModuleIsLib
 0002:00001004       HInstance
 0002:00001008       DllProc
 0002:0000100C       .1
 0002:00001010       tlsBuffer
 0002:00001014       .3
 0002:00001018       .1
 0002:0000101C       LocalIP
 0002:00001020       DecryptStr
 0002:00001024       EncryptStr
 0002:00001028       DecryptEx
 0002:0000102C       EncryptEx
 0002:00001030       ExecuteByName
 0002:00001034       GetSystemDir
 0002:00001038       SystemDir
 0002:0000103C       .1
 0002:00001040       _Handle


Line numbers for nSec(nSec.pas) segment .text

    64 0001:0000042C    65 0001:0000043B    72 0001:00000448    73 0001:0000045D
    74 0001:00000472    75 0001:00000487    76 0001:0000049C    77 0001:000004B1
    78 0001:000004C6    80 0001:000004DB    84 0001:00000540    85 0001:0000054B
    92 0001:0000054C    94 0001:00000589    87 0001:0000058C    88 0001:000005A8
    89 0001:000005AD    91 0001:000005E1

Line numbers for fbconnection(D:\git_github\foundation\Sources\Utilities\fbconnection\fbconnection.dpr) segment .text

    18 0001:000005E4    19 0001:00000606    20 0001:0000062D    21 0001:0000063B
    23 0001:00000646    27 0001:00000699    29 0001:000006BA    33 0001:000006F3
    37 0001:00000746    39 0001:00000767    43 0001:000007A8    45 0001:000007DA
    53 0001:0000088C    54 0001:000008AB    55 0001:000008BA    56 0001:000008CE
    57 0001:000008E9    58 0001:000008F3    60 0001:00000910    61 0001:00000937
    62 0001:00000945    64 0001:0000094C    65 0001:00000962    66 0001:00000978
    67 0001:0000098E    70 0001:000009A6    71 0001:000009BC    72 0001:000009D2
    73 0001:000009E8    76 0001:00000A0B    78 0001:00000A4A    81 0001:00000AE8
    82 0001:00000B02    83 0001:00000B29    84 0001:00000B37    86 0001:00000B5E
    88 0001:00000B8B    91 0001:00000BE4    92 0001:00000BFE    93 0001:00000C25
    94 0001:00000C33    96 0001:00000C57    98 0001:00000C84   101 0001:00000CC8
   102 0001:00000CE2   103 0001:00000D09   104 0001:00000D17   106 0001:00000D3B
   108 0001:00000D68   111 0001:00000DB0   112 0001:00000DC8   113 0001:00000DEF
   114 0001:00000DFD   116 0001:00000E34   118 0001:00000E66   121 0001:00000EB0
   122 0001:00000ECA   123 0001:00000EF1   124 0001:00000EFF   126 0001:00000F26
   128 0001:00000F53   131 0001:00000FAC   132 0001:00000FC6   133 0001:00000FED
   134 0001:00000FFB   136 0001:0000101F   138 0001:0000104C   141 0001:00001090
   142 0001:000010AA   143 0001:000010D1   144 0001:000010DF   146 0001:00001103
   148 0001:00001130   151 0001:00001178   152 0001:00001190   153 0001:000011B7
   154 0001:000011C5   156 0001:000011FC   158 0001:0000122E   161 0001:00001278
   162 0001:00001292   163 0001:000012B9   164 0001:000012C7   166 0001:000012EB
   168 0001:00001318   171 0001:00001360   172 0001:00001378   173 0001:0000139F
   174 0001:000013AD   176 0001:000013E4   178 0001:00001416   181 0001:00001460
   182 0001:00001478   183 0001:0000149F   184 0001:000014AD   185 0001:000014C3
   187 0001:000014F9   189 0001:0000152B   192 0001:00001588   193 0001:000015A2
   194 0001:000015C9   195 0001:000015D7   197 0001:000015FB   199 0001:00001628
   202 0001:0000166C   203 0001:00001684   204 0001:000016AB   205 0001:000016B9
   207 0001:000016F0   209 0001:00001722   212 0001:00001768   213 0001:00001780
   214 0001:000017A7   215 0001:000017B5   216 0001:000017CB   218 0001:00001801
   220 0001:00001833   223 0001:0000188C   224 0001:000018A8   225 0001:000018CF
   226 0001:000018DD   227 0001:000018FE   229 0001:00001903   230 0001:0000190F
   233 0001:00001931   235 0001:00001963   238 0001:000019B4   239 0001:000019D4
   240 0001:000019FB   241 0001:00001A09   242 0001:00001A1A   244 0001:00001A27
   246 0001:00001A55   248 0001:00001A8F   275 0001:00001BE8   275 0001:00001BF8

Bound resource files

fbconnection.res
fbconnection.drf


Program entry point at 0001:00001BE8
